---
source: rust/foxglove/src/protocol/v2/client.rs
expression: "format!(\"{:#04x?}\", buf)"
---
[
    0x03,
    0x01,
    0x00,
    0x00,
    0x80,
    0x3f,
    0x00,
    0x00,
    0x00,
    0x00,
    0x00,
    0x00,
    0x00,
    0x00,
    0x00,
    0x07,
    0x00,
    0x00,
    0x00,
    0x73,
    0x6f,
    0x6d,
    0x65,
    0x2d,
    0x69,
    0x64,
]
