---
source: rust/foxglove/src/remote_data_loader_backend/mod.rs
expression: manifest
---
{
  "name": "Test Source",
  "sources": [
    {
      "url": "/v1/data",
      "id": "test-id",
      "topics": [
        {
          "name": "/topic1",
          "messageEncoding": "protobuf",
          "schemaId": 1
        },
        {
          "name": "/topic2",
          "messageEncoding": "protobuf",
          "schemaId": 1
        }
      ],
      "schemas": [
        {
          "id": 1,
          "name": "foxglove.Vector3",
          "encoding": "protobuf",
          "data": "Cl8KFmZveGdsb3ZlL1ZlY3RvcjMucHJvdG8SCGZveGdsb3ZlIjMKB1ZlY3RvcjMSDAoBeBgBIAEoAVIBeBIMCgF5GAIgASgBUgF5EgwKAXoYAyABKAFSAXpiBnByb3RvMw=="
        }
      ],
      "startTime": "2024-01-01T00:00:00Z",
      "endTime": "2024-01-02T00:00:00Z"
    }
  ]
}
