---
source: rust/foxglove/src/websocket/ws_protocol/server/server_info.rs
expression: message_full()
---
{
  "op": "serverInfo",
  "name": "example server",
  "capabilities": [
    "clientPublish",
    "time"
  ],
  "supportedEncodings": [
    "json"
  ],
  "metadata": {
    "key": "value"
  },
  "sessionId": "1675789422160"
}
