---
source: rust/foxglove/src/websocket/ws_protocol/server/parameter_values.rs
expression: message()
---
{
  "op": "parameterValues",
  "parameters": [
    {
      "name": "empty"
    },
    {
      "name": "f64",
      "type": "float64",
      "value": 1.23
    },
    {
      "name": "f64[]",
      "type": "float64_array",
      "value": [
        1.23,
        4.56
      ]
    },
    {
      "name": "str",
      "value": "hello"
    },
    {
      "name": "byte[]",
      "type": "byte_array",
      "value": "ECAw"
    },
    {
      "name": "bool",
      "value": true
    }
  ]
}
