---
source: rust/foxglove/src/websocket/ws_protocol/parameter.rs
assertion_line: 256
expression: "Parameter::dict(\"outer\", maplit::btreemap!\n{\n    \"bool\".into() => ParameterValue::Bool(false), \"float64\".into() =>\n    ParameterValue::Float64(1.23), \"nested\".into() =>\n    ParameterValue::Dict(maplit::btreemap!\n    { \"inner\".into() => ParameterValue::Float64(1.0), })\n})"
---
{
  "name": "outer",
  "value": {
    "bool": false,
    "float64": 1.23,
    "nested": {
      "inner": 1.0
    }
  }
}
